I'm sorry, but errors were detected in your script. Please correct the
errors listed below, and try again.


File "game/recy/playground.rpy", line 148: 'show' is not a keyword argument or valid child for the on statement.
    on show:
           ^

Ren'Py Version: Ren'Py 8.0.3.22090809
Sun May 14 21:30:24 2023
